\BOOKMARK [1][-]{section.1}{\376\377\000I\000n\000t\000r\000o\000d\000u\000c\000t\000i\000o\000n}{}% 1
\BOOKMARK [1][-]{section.2}{\376\377\000R\000e\000l\000a\000t\000e\000d\000\040\000W\000o\000r\000k}{}% 2
\BOOKMARK [1][-]{section.3}{\376\377\000M\000e\000t\000h\000o\000d\000s}{}% 3
\BOOKMARK [2][-]{subsection.3.1}{\376\377\000S\000p\000i\000k\000e\000-\000a\000n\000d\000-\000s\000l\000a\000b\000\040\000b\000a\000s\000e\000\040\000m\000o\000d\000e\000l}{section.3}% 4
\BOOKMARK [2][-]{subsection.3.2}{\376\377\000B\000l\000o\000c\000k\000-\000w\000i\000s\000e\000\040\000l\000a\000t\000e\000n\000t\000\040\000g\000e\000n\000o\000t\000y\000p\000e\000s}{section.3}% 5
\BOOKMARK [2][-]{subsection.3.3}{\376\377\000I\000n\000f\000e\000r\000e\000n\000c\000e}{section.3}% 6
\BOOKMARK [2][-]{subsection.3.4}{\376\377\000S\000u\000S\000i\000E\000\040\000a\000s\000\040\000a\000\040\000f\000i\000n\000e\000-\000m\000a\000p\000p\000i\000n\000g\000\040\000b\000a\000s\000e\000l\000i\000n\000e}{section.3}% 7
\BOOKMARK [2][-]{subsection.3.5}{\376\377\000T\000r\000i\000a\000n\000g\000u\000l\000a\000t\000i\000o\000n\000:\000\040\000c\000o\000m\000b\000i\000n\000i\000n\000g\000\040\000h\000i\000e\000r\000b\000o\000o\000s\000t\000,\000\040\000S\000u\000S\000i\000E\000,\000\040\000a\000n\000d\000\040\000s\000i\000n\000g\000l\000e\000-\000S\000N\000P\000\040\000t\000e\000s\000t\000s}{section.3}% 8
\BOOKMARK [2][-]{subsection.3.6}{\376\377\000D\000a\000t\000a}{section.3}% 9
\BOOKMARK [1][-]{section.4}{\376\377\000C\000a\000s\000e\000\040\000S\000t\000u\000d\000i\000e\000s}{}% 10
\BOOKMARK [2][-]{subsection.4.1}{\376\377\000L\000C\000T\000\040\000\050\000l\000a\000c\000t\000a\000s\000e\000\040\000p\000e\000r\000s\000i\000s\000t\000e\000n\000c\000e\000\051}{section.4}% 11
\BOOKMARK [2][-]{subsection.4.2}{\376\377\000S\000L\000C\0002\0004\000A\0005\000\040\000\050\000l\000i\000g\000h\000t\000\040\000s\000k\000i\000n\000\040\000p\000i\000g\000m\000e\000n\000t\000a\000t\000i\000o\000n\000\051}{section.4}% 12
\BOOKMARK [2][-]{subsection.4.3}{\376\377\000D\000A\000R\000C\000/\000A\000C\000K\000R\0001\000\040\000\050\000D\000u\000f\000f\000y\000-\000n\000u\000l\000l\000,\000\040\000m\000a\000l\000a\000r\000i\000a\000\040\000r\000e\000s\000i\000s\000t\000a\000n\000c\000e\000\051}{section.4}% 13
\BOOKMARK [2][-]{subsection.4.4}{\376\377\000E\000D\000A\000R\000\040\000\050\000h\000a\000i\000r\000\040\000t\000h\000i\000c\000k\000n\000e\000s\000s\000,\000\040\000E\000A\000S\000-\000s\000p\000e\000c\000i\000f\000i\000c\000\040\000s\000w\000e\000e\000p\000\051}{section.4}% 14
\BOOKMARK [2][-]{subsection.4.5}{\376\377\000H\000E\000R\000C\0002\000/\000O\000C\000A\0002\000\040\000\050\000b\000l\000u\000e\000\040\000e\000y\000e\000\040\000c\000o\000l\000o\000r\000\051}{section.4}% 15
\BOOKMARK [2][-]{subsection.4.6}{\376\377\000A\000B\000C\000C\0001\0001\000\040\000\050\000e\000a\000r\000w\000a\000x\000\040\000t\000y\000p\000e\000\040\000/\000\040\000b\000o\000d\000y\000\040\000o\000d\000o\000r\000\051}{section.4}% 16
\BOOKMARK [2][-]{subsection.4.7}{\376\377\000A\000D\000H\0001\000B\000\040\000\050\000a\000l\000c\000o\000h\000o\000l\000\040\000f\000l\000u\000s\000h\000\040\000r\000e\000a\000c\000t\000i\000o\000n\000\051}{section.4}% 17
\BOOKMARK [2][-]{subsection.4.8}{\376\377\000F\000U\000T\0002\000\040\000\050\000s\000e\000c\000r\000e\000t\000o\000r\000\040\000s\000t\000a\000t\000u\000s\000\051}{section.4}% 18
\BOOKMARK [2][-]{subsection.4.9}{\376\377\000A\000P\000O\000L\0001\000\040\000\050\000k\000i\000d\000n\000e\000y\000\040\000d\000i\000s\000e\000a\000s\000e\000\040\000r\000i\000s\000k\000\040\000/\000\040\000t\000r\000y\000p\000a\000n\000o\000s\000o\000m\000i\000a\000s\000i\000s\000\040\000r\000e\000s\000i\000s\000t\000a\000n\000c\000e\000\051}{section.4}% 19
\BOOKMARK [2][-]{subsection.4.10}{\376\377\000S\000L\000C\0004\0005\000A\0002\000\040\000\050\000l\000i\000g\000h\000t\000\040\000s\000k\000i\000n\000\040\000p\000i\000g\000m\000e\000n\000t\000a\000t\000i\000o\000n\000\051}{section.4}% 20
\BOOKMARK [1][-]{section.5}{\376\377\000H\000y\000p\000e\000r\000p\000a\000r\000a\000m\000e\000t\000e\000r\000\040\000a\000n\000d\000\040\000P\000r\000i\000o\000r\000\040\000S\000e\000n\000s\000i\000t\000i\000v\000i\000t\000y}{}% 21
\BOOKMARK [1][-]{section.6}{\376\377\000S\000y\000n\000t\000h\000e\000s\000i\000s\000:\000\040\000W\000h\000e\000n\000\040\000D\000o\000e\000s\000\040\000B\000l\000o\000c\000k\000-\000L\000a\000t\000e\000n\000t\000\040\000D\000e\000c\000o\000r\000r\000e\000l\000a\000t\000i\000o\000n\000\040\000H\000e\000l\000p\000?}{}% 22
\BOOKMARK [1][-]{section.7}{\376\377\000T\000r\000i\000a\000n\000g\000u\000l\000a\000t\000i\000o\000n\000:\000\040\000D\000o\000e\000s\000\040\000C\000o\000m\000b\000i\000n\000i\000n\000g\000\040\000M\000e\000t\000h\000o\000d\000s\000\040\000B\000e\000a\000t\000\040\000A\000n\000y\000\040\000O\000n\000e\000\040\000A\000l\000o\000n\000e\000?}{}% 23
\BOOKMARK [1][-]{section.8}{\376\377\000D\000i\000s\000c\000u\000s\000s\000i\000o\000n}{}% 24
\BOOKMARK [1][-]{section.9}{\376\377\000C\000o\000n\000c\000l\000u\000s\000i\000o\000n}{}% 25
